1 03/15/2013 "Default description" 21:22:34 "gquerret"
.
2 "src/test.p" "C:\Users\gquerret\Projets\PCT\testbox\PCTRun\test40\profiler6\dbg_test_01a08088" 51329
1 "C:\Users\gquerret\AppData\Local\Temp\pctinit21726.p" "C:\Users\gquerret\Projets\PCT\testbox\PCTRun\test40\profiler6\dbg_pctinit21726_00a08088" 41385
3 "returnValue C:\Users\gquerret\AppData\Local\Temp\pctinit21726.p" "" 0
.
0 0 1 1
1 12 2 1
1 16 3 1
.
0 0 1 0.000000 0.004874
2 2 1 0.000006 0.000006
1 0 1 0.002598 0.004874
2 0 1 0.000072 0.000154
3 0 1 0.000031 0.000945
2 1 1 0.000061 0.000061
2 7 1 0.000002 0.000002
2 4 1 0.000003 0.000003
2 5 1 0.000005 0.000005
1 9 1 0.000200 0.000200
2 11 1 0.000005 0.000005
1 11 1 0.000004 0.000004
1 10 1 0.000008 0.000008
1 13 1 0.000013 0.000013
1 12 1 0.000919 0.001073
1 15 1 0.000003 0.000003
1 14 1 0.000006 0.000006
1 17 1 0.000005 0.000005
1 16 1 0.000019 0.000964
3 23 1 0.000141 0.000141
3 22 1 0.000017 0.000017
3 21 1 0.000726 0.000726
3 20 1 0.000027 0.000027
3 24 1 0.000003 0.000003
.
.
2 "" 9
1
2
4
5
6
7
8
9
11
.
1 "getParameter" 3
5
6
7
.
1 "returnValue" 5
20
21
22
23
24
.
1 "writeOutputParam" 5
28
29
30
31
32
.
1 "" 9
9
10
11
12
13
14
15
16
17
.
.
.
