1 03/18/2013 "Default description" 17:56:40 "gquerret"
.
11 "getDate pct/pctBgCompile.p" "" 0
13 "importXref pct/pctBgCompile.p" "" 0
2 "getParameter C:\Users\gquerret\AppData\Local\Temp\pct_init53017.p" "" 0
9 "getTimeStampDF pct/pctBgCompile.p" "" 0
12 "getRecompileLabel pct/pctBgCompile.p" "" 0
6 "pct/pctCRC.p" "" 57246
10 "getTimeStampF pct/pctBgCompile.p" "" 0
1 "C:\Users\gquerret\AppData\Local\Temp\pct_init53017.p" "" 63672
8 "pctCompile2 pct/pctBgCompile.p" "" 0
5 "getCRC pct/pctBgCompile.p" "" 0
4 "setOptions pct/pctBgCompile.p" "" 0
7 "pctCompile pct/pctBgCompile.p" "" 0
3 "pct/pctBgCompile.p" "" 63553
.
0 0 1 1
1 13 4 1
1 13 5 1
1 13 7 1
1 13 2 1
1 13 3 1
5 115 6 1
7 207 8 1
8 268 9 1
8 294 12 1
8 319 13 1
9 511 10 1
10 516 11 1
.
0 0 1 0.000000 0.018824
1 0 1 0.002712 0.018824
3 1 1 0.000003 0.000003
2 0 1 0.000022 0.000124
3 0 1 0.000132 0.000135
4 0 1 0.000013 0.000135
2 6 1 0.000007 0.000007
5 0 1 0.000015 0.000438
2 7 1 0.000004 0.000004
6 0 1 0.000142 0.000228
7 0 1 0.000034 0.014601
2 5 1 0.000091 0.000091
8 0 1 0.000046 0.014430
1 9 1 0.000190 0.000190
9 0 1 0.000010 0.000259
10 0 1 0.000010 0.000207
1 11 1 0.000009 0.000009
11 0 1 0.000013 0.000050
1 10 1 0.000005 0.000005
1 13 2 0.000472 0.015905
12 0 1 0.000009 0.000055
13 0 1 0.000188 0.002815
1 12 1 0.000003 0.000003
6 68 1 0.000036 0.000036
6 69 1 0.000019 0.000019
6 72 1 0.000008 0.000008
6 103 1 0.000010 0.000010
6 106 1 0.000003 0.000003
6 104 1 0.000002 0.000002
6 105 1 0.000008 0.000008
5 116 1 0.000005 0.000005
5 118 1 0.000002 0.000002
5 115 1 0.000138 0.000366
5 114 1 0.000050 0.000050
4 127 1 0.000116 0.000116
4 141 1 0.000004 0.000004
4 143 1 0.000002 0.000002
7 183 1 0.000040 0.000040
7 189 1 0.000026 0.000026
7 187 1 0.000006 0.000006
7 186 2 0.000009 0.000009
7 185 1 0.000004 0.000004
7 207 1 0.000019 0.014449
7 201 1 0.000013 0.000013
12 220 1 0.000041 0.000044
7 214 1 0.000009 0.000009
12 222 1 0.000003 0.000003
7 212 1 0.000002 0.000002
7 209 1 0.000004 0.000004
7 208 1 0.000004 0.000004
7 217 1 0.000001 0.000001
12 228 1 0.000002 0.000002
8 266 1 0.001339 0.001339
8 267 1 0.000009 0.000009
8 268 1 0.000013 0.000272
8 269 1 0.000004 0.000004
8 270 1 0.000002 0.000002
8 261 1 0.000034 0.000034
8 302 1 0.009046 0.009046
8 293 1 0.000003 0.000003
8 294 1 0.000013 0.000068
8 295 1 0.000003 0.000003
8 314 1 0.000005 0.000005
8 315 1 0.000009 0.000009
8 319 1 0.000017 0.002832
8 304 1 0.000010 0.000010
8 331 1 0.000002 0.000002
8 320 1 0.000004 0.000004
8 321 1 0.000738 0.000738
8 323 1 0.000004 0.000004
13 429 6 0.000011 0.000011
13 428 1 0.000061 0.000061
13 431 5 0.000159 0.000159
13 430 5 0.000059 0.000059
13 425 1 0.000040 0.000040
13 427 1 0.000133 0.000133
13 445 4 0.000042 0.000042
13 444 4 0.000017 0.000017
13 447 1 0.000003 0.000003
13 446 5 0.000024 0.000024
13 442 4 0.000018 0.000018
13 436 4 0.000030 0.000030
13 439 4 0.000025 0.000025
13 435 4 0.000024 0.000024
13 434 4 0.000047 0.000047
13 456 1 0.000017 0.000017
13 459 1 0.000033 0.000033
13 458 1 0.000596 0.000596
13 452 1 0.000063 0.000063
13 449 1 0.000016 0.000016
13 448 1 0.000004 0.000004
13 451 1 0.000906 0.000906
13 469 1 0.000236 0.000236
13 470 1 0.000022 0.000022
13 467 1 0.000016 0.000016
13 488 1 0.000003 0.000003
13 486 1 0.000016 0.000016
13 508 1 0.000006 0.000006
9 511 1 0.000041 0.000248
11 522 1 0.000002 0.000002
11 520 1 0.000035 0.000035
9 512 1 0.000001 0.000001
10 515 1 0.000135 0.000135
10 516 1 0.000011 0.000061
10 517 1 0.000001 0.000001
.
.
6 "" 28
68
69
72
76
77
78
79
80
81
83
84
85
86
87
88
93
95
96
97
98
99
100
101
102
103
104
105
106
.
1 "getParameter" 3
5
6
7
.
1 "" 5
9
10
11
12
13
.
3 "getCRC" 4
114
115
116
118
.
3 "setOptions" 3
127
141
143
.
3 "pctCompile" 13
183
185
186
187
189
201
207
208
209
211
212
214
217
.
3 "getRecompileLabel" 9
220
221
222
223
224
225
226
227
228
.
3 "pctCompile2" 60
261
262
263
264
266
267
268
269
270
271
272
274
275
276
277
278
280
281
282
283
285
286
287
288
289
293
294
295
296
297
299
300
301
302
303
304
305
307
308
309
310
311
312
313
314
315
316
317
318
319
320
321
322
323
324
325
326
328
329
331
.
3 "CheckIncludes" 19
338
339
340
342
343
344
345
346
347
349
350
351
352
353
354
355
356
357
359
.
3 "CheckCRC" 18
366
367
368
370
371
372
373
374
375
376
377
378
379
380
381
382
383
385
.
3 "getCompileErrors" 13
398
399
401
403
404
405
406
407
408
409
411
412
414
.
3 "importXref" 72
425
427
428
429
430
431
434
435
436
439
440
442
443
444
445
446
447
448
449
451
452
453
454
455
456
458
459
460
461
462
463
464
465
466
467
469
470
471
472
473
474
475
476
477
478
479
480
481
482
483
484
485
486
488
489
490
491
492
493
494
495
496
497
498
500
501
502
503
504
505
506
508
.
3 "getTimeStampDF" 2
511
512
.
3 "getTimeStampF" 3
515
516
517
.
3 "getDate" 3
520
521
522
.
3 "FileExists" 3
525
526
527
.
3 "createDir" 20
534
537
538
540
541
542
543
546
547
548
549
550
552
553
554
555
556
557
558
560
.
.
.
