1 03/21/2013 "Default description" 14:06:34 "gquerret"
.
58 "GeneratePropertyDetails Consultingwerk.Studio.ClassDocumentation.DocumentationWriter" "" 0
52 "GenerateEventOverview Consultingwerk.Studio.ClassDocumentation.DocumentationWriter" "" 0
2 "ConsultingWerk/studio/generate-class-reference.p" "" 11114
57 "GenerateEventDetails Consultingwerk.Studio.ClassDocumentation.DocumentationWriter" "" 0
11 "ClassDocumentationParser Consultingwerk.Studio.ClassDocumentation.ClassDocumentationParser" "" 0
12 "Consultingwerk/sax-reader-handler.p" "" 18567
6 "GenerateDocumentation Consultingwerk.Studio.ClassDocumentation.DocumentationWriter" "" 0
55 "GenerateMethodDetails Consultingwerk.Studio.ClassDocumentation.DocumentationWriter" "" 0
54 "GenerateInterfaceOverview Consultingwerk.Studio.ClassDocumentation.DocumentationWriter" "" 0
21 "Consultingwerk.WidgetTypeEnum" "" 50660
30 "SaxCharacters Consultingwerk.Studio.ClassDocumentation.ClassDocumentationParser" "" 0
15 "SaxStartElement Consultingwerk.Studio.ClassDocumentation.ClassDocumentationParser" "" 0
51 "GenerateConstructorOverview Consultingwerk.Studio.ClassDocumentation.DocumentationWriter" "" 0
22 "WidgetTypeEnum Consultingwerk.WidgetTypeEnum" "" 0
37 "DataTypeHelper Consultingwerk.Util.DataTypeHelper" "" 0
59 "GenerateDocumentHeader Consultingwerk.Studio.ClassDocumentation.DocumentationWriter" "" 0
7 "Consultingwerk.Util.FileHelper" "" 39601
31 "EndElement Consultingwerk/sax-reader-handler.p" "" 0
27 "HasField Consultingwerk.Assertion.BufferAssert" "" 0
24 "ValidHandle Consultingwerk.Assertion.HandleAssert" "" 0
25 "Consultingwerk.Assertion.BufferAssert" "" 64081
14 "StartElement Consultingwerk/sax-reader-handler.p" "" 0
44 "ShortSignatureParser Consultingwerk.Studio.ClassDocumentation.ClassDocumentationHelper" "" 0
19 "Consultingwerk.Assertion.HandleAssert" "" 65181
47 "GetShortModifier Consultingwerk.Studio.ClassDocumentation.ClassDocumentationHelper" "" 0
28 "HasField Consultingwerk.Util.BufferHelper" "" 0
50 "IsNullOrEmpty Consultingwerk.CharacterType" "" 0
34 "GenerateMethodOverview Consultingwerk.Studio.ClassDocumentation.DocumentationWriter" "" 0
10 "Consultingwerk.Studio.ClassDocumentation.ClassDocumentationParser" "" 47276
56 "GenerateConstructorDetails Consultingwerk.Studio.ClassDocumentation.DocumentationWriter" "" 0
29 "Characters Consultingwerk/sax-reader-handler.p" "" 0
33 "GenerateDocumentList Consultingwerk.Studio.ClassDocumentation.DocumentationWriter" "" 0
26 "BufferAssert Consultingwerk.Assertion.BufferAssert" "" 0
8 "FileHelper Consultingwerk.Util.FileHelper" "" 0
39 "Consultingwerk.Const" "" 14439
20 "HandleAssert Consultingwerk.Assertion.HandleAssert" "" 0
1 "C:\Users\gquerret\AppData\Local\Temp\pctinit16818.p" "" 61592
49 "CharacterType Consultingwerk.CharacterType" "" 0
17 "BufferHelper Consultingwerk.Util.BufferHelper" "" 0
23 "WidgetType Consultingwerk.Assertion.HandleAssert" "" 0
36 "Consultingwerk.Util.DataTypeHelper" "" 28332
46 "CommentParser Consultingwerk.Studio.ClassDocumentation.ClassDocumentationHelper" "" 0
16 "Consultingwerk.Util.BufferHelper" "" 30046
40 "Const Consultingwerk.Const" "" 0
53 "GeneratePropertyOverview Consultingwerk.Studio.ClassDocumentation.DocumentationWriter" "" 0
42 "ClassDocumentationHelper Consultingwerk.Studio.ClassDocumentation.ClassDocumentationHelper" "" 0
45 "GetPurpose Consultingwerk.Studio.ClassDocumentation.ClassDocumentationHelper" "" 0
63 "GenerateIndexFile Consultingwerk.Studio.ClassDocumentation.DocumentationWriter" "" 0
64 "returnValue C:\Users\gquerret\AppData\Local\Temp\pctinit16818.p" "" 0
38 "IsAblDataType Consultingwerk.Util.DataTypeHelper" "" 0
35 "ReplacePlaceholder Consultingwerk.Studio.ClassDocumentation.DocumentationWriter" "" 0
3 "getParameter C:\Users\gquerret\AppData\Local\Temp\pctinit16818.p" "" 0
4 "Consultingwerk.Studio.ClassDocumentation.DocumentWriterParameter" "" 40403
41 "Consultingwerk.Studio.ClassDocumentation.ClassDocumentationHelper" "" 15344
32 "SaxEndElement Consultingwerk.Studio.ClassDocumentation.ClassDocumentationParser" "" 0
9 "GetFileList Consultingwerk.Util.FileHelper" "" 0
48 "Consultingwerk.CharacterType" "" 14202
43 "SignatureParser Consultingwerk.Studio.ClassDocumentation.ClassDocumentationHelper" "" 0
60 "GetFullTypeName Consultingwerk.Studio.ClassDocumentation.DocumentationWriter" "" 0
62 "CreateDocumentList Consultingwerk.Studio.ClassDocumentation.DocumentationWriter" "" 0
13 "ParseClassDocumentation Consultingwerk.Studio.ClassDocumentation.ClassDocumentationParser" "" 0
18 "ParseSaxAttributesToBuffer Consultingwerk.Util.BufferHelper" "" 0
61 "GetFullTypeName Consultingwerk.Studio.ClassDocumentation.ClassDocumentationHelper" "" 0
5 "Consultingwerk.Studio.ClassDocumentation.DocumentationWriter" "" 32963
.
6 559 9 1
6 550 7 1
6 550 8 1
6 550 9 1
15 561 18 5
15 561 16 1
15 561 17 1
35 1166 38 38
6 569 13 6
35 1163 36 1
35 1163 37 1
35 1163 38 38
35 1164 60 2
6 563 11 1
35 1173 46 38
6 563 10 1
35 1173 47 38
35 1173 44 38
35 1173 45 38
35 1173 42 1
35 1173 43 38
35 1173 41 1
15 602 18 6
15 593 18 6
35 1205 60 6
35 1202 60 6
15 584 18 5
0 0 1 1
6 602 62 1
6 583 34 5
6 604 63 1
6 578 33 5
1 15 2 1
59 623 60 5
6 596 59 5
15 627 18 6
6 583 51 5
6 583 53 5
6 583 52 5
6 583 55 5
15 618 18 2
6 583 54 5
6 583 57 5
6 583 56 5
59 623 46 5
6 583 58 5
35 1223 48 1
15 609 18 5
35 1223 49 1
35 1223 50 38
59 631 50 5
29 58 30 72
27 61 28 147
1 19 64 1
34 689 35 6
23 86 24 70
14 94 15 44
31 75 32 43
51 739 35 5
52 789 35 2
38 184 40 1
38 184 39 1
28 190 24 147
18 218 25 1
18 212 23 35
18 218 26 1
18 211 19 1
18 218 27 147
18 211 21 1
18 211 20 1
18 211 23 35
18 211 22 1
53 839 35 5
54 889 35 2
54 889 60 2
55 940 35 6
56 990 35 5
57 1040 35 2
11 447 12 1
13 476 29 72
13 476 31 43
13 476 14 44
2 487 3 3
2 491 4 1
2 519 5 1
58 1090 35 5
60 1120 61 21
2 520 6 1
.
0 0 1 0.000000 0.380305
1 0 1 0.004120 0.380305
2 0 1 0.000410 0.373610
3 0 3 0.000051 0.000238
4 0 1 0.000045 0.000045
3 7 3 0.000008 0.000008
5 0 1 0.000343 0.000343
3 6 3 0.000018 0.000018
6 0 1 0.000263 0.369072
3 5 3 0.000161 0.000161
7 0 1 0.000048 0.000048
8 0 1 0.000032 0.000032
1 9 1 0.000211 0.000211
9 0 2 0.000193 0.148781
10 0 1 0.000101 0.000101
1 11 1 0.000002 0.000002
11 0 1 0.000010 0.000178
1 10 1 0.000005 0.000005
12 0 1 0.000048 0.000050
1 13 1 0.000008 0.000008
13 0 6 0.000822 0.047424
12 1 1 0.000002 0.000002
1 12 1 0.000003 0.000003
1 15 1 0.000432 0.374042
14 0 44 0.000464 0.024237
15 0 44 0.000496 0.023182
1 14 1 0.000002 0.000002
1 17 1 0.000006 0.000006
16 0 1 0.000046 0.000046
1 16 1 0.000009 0.000009
17 0 1 0.000042 0.000042
1 19 1 0.000013 0.001891
18 0 35 0.001658 0.019317
1 18 1 0.000004 0.000004
19 0 1 0.000035 0.000035
20 0 1 0.000038 0.000038
1 20 1 0.000002 0.000002
21 0 1 0.000036 0.000036
22 0 1 0.000031 0.000031
23 0 70 0.000712 0.002985
24 0 217 0.001871 0.003117
25 0 1 0.000036 0.000036
26 0 1 0.000036 0.000036
27 0 147 0.001373 0.009190
28 0 147 0.001762 0.006279
29 0 72 0.000805 0.003025
30 0 72 0.000866 0.001396
31 0 43 0.000384 0.002135
32 0 43 0.000430 0.001082
33 0 5 0.000216 0.003340
29 60 72 0.000109 0.000109
34 0 5 0.000186 0.009701
35 0 38 0.001689 0.063098
24 59 70 0.000294 0.000294
36 0 1 0.000022 0.000022
37 0 1 0.000039 0.000039
38 0 76 0.002743 0.003756
27 61 147 0.001341 0.007620
24 62 70 0.000199 0.000199
39 0 1 0.000039 0.000039
29 58 72 0.000715 0.002111
40 0 1 0.000032 0.000032
41 0 1 0.000104 0.000104
42 0 1 0.000045 0.000045
43 0 38 0.000695 0.002748
44 0 38 0.001126 0.006281
45 0 38 0.000678 0.001949
46 0 43 0.001522 0.006107
47 0 38 0.000566 0.001803
48 0 1 0.000037 0.000037
49 0 1 0.000030 0.000030
50 0 43 0.000433 0.000821
51 0 5 0.000156 0.009761
52 0 5 0.000135 0.002538
53 0 5 0.000144 0.005104
54 0 5 0.000129 0.002632
55 0 5 0.000169 0.011417
56 0 5 0.000174 0.017769
57 0 5 0.000156 0.008178
58 0 5 0.000157 0.005595
59 0 5 0.000137 0.042318
60 0 21 0.000254 0.054760
61 0 21 0.000878 0.054236
62 0 1 0.000059 0.001511
63 0 1 0.000040 0.001357
64 0 1 0.000029 0.001878
23 86 70 0.000621 0.001777
23 91 70 0.000103 0.000103
23 88 70 0.000393 0.000393
14 94 44 0.000537 0.023719
24 73 147 0.000525 0.000525
31 77 43 0.000061 0.000061
31 75 43 0.000608 0.001690
24 76 147 0.000228 0.000228
64 23 1 0.000026 0.000026
64 24 1 0.001661 0.001661
64 25 1 0.000021 0.000021
64 26 1 0.000138 0.000138
64 27 1 0.000003 0.000003
27 68 147 0.000197 0.000197
14 96 44 0.000054 0.000054
50 74 43 0.000076 0.000076
50 72 43 0.000312 0.000312
38 189 76 0.000142 0.000142
38 187 68 0.000158 0.000158
38 184 76 0.000622 0.000693
38 185 8 0.000020 0.000020
28 190 147 0.001100 0.003061
18 211 35 0.000549 0.002286
18 214 182 0.000754 0.000754
18 215 147 0.000965 0.000965
18 212 35 0.000275 0.001663
18 218 147 0.001194 0.010456
18 223 35 0.000050 0.000050
18 220 147 0.001291 0.001291
18 221 147 0.000194 0.000194
28 196 147 0.000204 0.000204
28 192 147 0.000820 0.000820
28 194 147 0.000432 0.000432
9 237 2 0.000011 0.000011
9 236 4 0.000030 0.000030
9 239 2 0.000010 0.000010
9 230 2 0.000079 0.000079
9 243 2 0.137382 0.137382
61 317 11 0.000037 0.000037
61 319 21 0.000027 0.000027
61 314 21 0.000039 0.000039
61 308 18 0.000035 0.000035
61 300 18 0.000082 0.000082
61 298 18 0.002203 0.002203
61 292 18 0.000103 0.000103
61 295 18 0.000161 0.000161
61 294 18 0.000155 0.000155
9 297 6 0.000045 0.000045
9 299 6 0.000023 0.000023
9 298 6 0.001246 0.001246
61 282 18 0.000098 0.000098
61 279 18 0.049186 0.049186
9 290 2 0.005470 0.005470
61 272 18 0.000095 0.000095
9 292 2 0.000132 0.000132
61 275 18 0.000156 0.000156
9 295 6 0.002428 0.002428
61 274 18 0.000148 0.000148
9 294 8 0.001716 0.001716
61 268 10 0.000028 0.000028
61 270 29 0.000533 0.000533
61 265 42 0.000138 0.000138
61 267 21 0.000134 0.000134
9 308 2 0.000004 0.000004
9 310 2 0.000012 0.000012
47 367 32 0.000096 0.000096
47 365 38 0.000283 0.000390
45 353 38 0.000058 0.000058
47 376 38 0.000744 0.000744
47 374 38 0.000103 0.000103
47 371 2 0.000005 0.000005
47 369 2 0.000006 0.000006
45 334 58 0.000437 0.000437
45 349 20 0.000034 0.000034
45 351 38 0.000106 0.000106
45 344 20 0.000124 0.000124
45 347 20 0.000183 0.000183
45 336 20 0.000240 0.000240
45 338 20 0.000089 0.000089
43 426 26 0.000978 0.000978
43 425 38 0.000156 0.000156
43 430 38 0.000107 0.000107
43 428 38 0.000250 0.000250
43 420 38 0.000500 0.000500
43 432 38 0.000062 0.000062
11 447 1 0.000070 0.000120
11 445 1 0.000046 0.000046
44 492 38 0.000108 0.000108
44 494 38 0.000063 0.000063
13 463 6 0.001396 0.001396
44 484 26 0.000108 0.000108
11 450 1 0.000002 0.000002
44 486 26 0.000253 0.000253
44 480 12 0.000107 0.000107
44 482 12 0.000018 0.000018
13 476 6 0.005016 0.034413
13 479 6 0.000030 0.000030
13 472 6 0.000048 0.000048
13 474 6 0.000049 0.000049
13 471 6 0.008094 0.008094
13 465 6 0.002162 0.002162
13 466 6 0.000046 0.000046
44 460 38 0.000920 0.000920
44 457 38 0.000156 0.000156
2 487 1 0.000089 0.000327
44 458 26 0.000154 0.000154
44 452 38 0.000471 0.000471
2 491 1 0.000159 0.000204
30 500 72 0.000119 0.000119
30 498 21 0.000153 0.000153
13 481 6 0.000023 0.000023
13 480 6 0.000293 0.000293
2 495 1 0.000420 0.000420
13 483 6 0.000048 0.000394
30 497 72 0.000258 0.000258
2 493 1 0.000007 0.000007
44 477 12 0.000052 0.000052
2 496 1 0.000010 0.000010
2 497 1 0.000008 0.000008
44 473 38 0.002185 0.002185
2 503 1 0.000213 0.000213
44 475 12 0.000066 0.000066
44 468 26 0.000288 0.000288
2 504 1 0.000005 0.000005
2 505 1 0.000007 0.000007
2 511 1 0.000225 0.000225
44 466 38 0.000206 0.000206
2 512 1 0.000005 0.000005
2 513 1 0.000007 0.000007
2 519 1 0.002315 0.002658
2 522 1 0.000007 0.000007
2 520 1 0.000025 0.369097
46 571 43 0.000092 0.000092
46 569 43 0.000205 0.000205
46 567 43 0.000289 0.000289
46 565 23 0.000047 0.000047
6 550 1 0.000237 0.144114
32 513 43 0.000420 0.000586
15 557 5 0.000214 0.000214
32 515 2 0.000021 0.000021
15 556 5 0.000045 0.000045
15 555 10 0.000019 0.000019
15 554 43 0.000771 0.022259
46 520 23 0.000328 0.000328
32 519 2 0.000075 0.000075
15 552 1 0.000020 0.000020
46 518 23 0.000285 0.000285
15 551 44 0.000337 0.000337
6 559 1 0.000023 0.005007
46 516 66 0.000482 0.000482
62 533 1 0.000004 0.000004
6 557 1 0.000018 0.000018
62 531 1 0.001214 0.001214
32 526 2 0.000040 0.000040
46 513 43 0.002493 0.002493
6 553 1 0.000053 0.000053
15 575 6 0.000018 0.000018
62 527 1 0.000033 0.000033
32 529 2 0.000030 0.000030
15 574 12 0.000021 0.000021
6 567 6 0.001826 0.001826
62 524 1 0.000201 0.000201
6 565 7 0.000277 0.000277
15 571 2 0.000002 0.000002
6 563 1 0.000438 0.000717
32 536 43 0.000066 0.000066
15 565 2 0.000098 0.000098
6 572 5 0.000168 0.000168
15 564 2 0.000024 0.000024
15 563 4 0.000008 0.000008
46 531 23 0.000364 0.000364
15 562 5 0.000005 0.000005
15 561 5 0.000187 0.004454
6 569 6 0.000148 0.047572
6 583 5 0.000486 0.073181
59 632 3 0.000217 0.000217
6 581 5 0.001515 0.001515
15 588 6 0.000149 0.000149
6 578 5 0.000333 0.003673
15 587 6 0.000055 0.000055
15 586 12 0.000025 0.000025
15 585 5 0.000008 0.000008
59 636 2 0.000113 0.000113
15 584 5 0.000056 0.001586
15 579 5 0.000119 0.000119
59 631 5 0.000055 0.000153
15 578 5 0.000053 0.000053
15 577 10 0.000022 0.000022
15 576 6 0.000009 0.000009
6 598 5 0.045358 0.045358
15 606 5 0.000094 0.000094
15 605 5 0.000053 0.000053
6 596 5 0.000065 0.042383
15 604 10 0.000019 0.000019
15 603 6 0.000007 0.000007
59 623 5 0.000966 0.041452
15 602 6 0.000061 0.002954
59 621 5 0.000051 0.000051
59 620 5 0.000174 0.000174
6 606 1 0.000002 0.000002
6 604 1 0.000016 0.001373
15 597 6 0.000137 0.000137
15 596 6 0.000058 0.000058
6 602 1 0.000030 0.001541
15 595 12 0.000020 0.000020
15 594 6 0.000009 0.000009
15 593 6 0.000060 0.003311
6 600 6 0.000031 0.000031
15 622 6 0.000151 0.000151
15 621 6 0.000038 0.000038
15 620 12 0.000022 0.000022
15 619 2 0.000003 0.000003
15 618 2 0.000020 0.001206
15 613 2 0.000040 0.000040
15 612 2 0.000018 0.000018
15 611 4 0.000008 0.000008
15 610 5 0.000005 0.000005
15 609 5 0.000050 0.004329
15 634 44 0.000070 0.000070
15 628 6 0.000008 0.000008
15 627 6 0.000065 0.002064
34 674 5 0.000182 0.000182
34 675 1 0.000044 0.000044
34 681 4 0.000178 0.000178
34 686 11 0.000245 0.000245
34 687 6 0.000089 0.000089
34 689 6 0.000164 0.008600
34 703 6 0.000011 0.000011
63 659 1 0.000004 0.000004
63 657 1 0.001110 0.001110
63 655 1 0.000025 0.000025
63 653 1 0.000178 0.000178
59 642 5 0.000005 0.000005
59 640 5 0.000016 0.000016
51 755 5 0.000130 0.000130
51 753 5 0.000008 0.000008
51 759 5 0.000009 0.000009
51 757 5 0.000017 0.000017
51 739 5 0.000256 0.008857
51 737 5 0.000039 0.000039
51 736 10 0.000188 0.000188
34 707 5 0.000016 0.000016
34 705 5 0.000141 0.000141
51 725 2 0.000112 0.000112
51 724 5 0.000114 0.000114
34 709 5 0.000009 0.000009
51 731 3 0.000131 0.000131
53 831 1 0.000049 0.000049
53 825 4 0.000176 0.000176
53 824 5 0.000112 0.000112
52 805 5 0.000120 0.000120
52 807 5 0.000019 0.000019
52 803 2 0.000002 0.000002
52 809 5 0.000010 0.000010
52 789 2 0.000052 0.001796
52 786 7 0.000099 0.000099
52 787 2 0.000013 0.000013
52 774 5 0.000117 0.000117
52 775 4 0.000177 0.000177
52 781 1 0.000050 0.000050
54 887 7 0.000112 0.000112
54 882 1 0.000043 0.000043
54 889 2 0.000073 0.001902
54 876 4 0.000188 0.000188
54 875 5 0.000103 0.000103
53 853 5 0.000008 0.000008
53 855 5 0.000120 0.000120
53 860 5 0.000008 0.000008
53 857 5 0.000016 0.000016
53 837 5 0.000053 0.000053
53 836 10 0.000135 0.000135
53 839 5 0.000136 0.004283
55 958 5 0.000017 0.000017
55 956 5 0.000176 0.000176
55 954 6 0.000011 0.000011
55 932 4 0.000205 0.000205
55 940 6 0.000334 0.010453
55 938 6 0.000069 0.000069
55 937 11 0.000161 0.000161
55 926 1 0.000040 0.000040
55 925 5 0.000109 0.000109
54 903 2 0.000003 0.000003
54 909 5 0.000007 0.000007
54 907 5 0.000016 0.000016
54 905 5 0.000129 0.000129
56 1008 5 0.000017 0.000017
56 1010 5 0.000008 0.000008
56 1004 5 0.000008 0.000008
56 1006 5 0.000211 0.000211
56 987 10 0.000146 0.000146
56 988 5 0.000038 0.000038
56 990 5 0.000130 0.016796
56 976 2 0.000096 0.000096
56 982 3 0.000163 0.000163
56 975 5 0.000112 0.000112
55 960 5 0.000007 0.000007
58 1082 1 0.000108 0.000108
58 1087 10 0.000127 0.000127
58 1075 5 0.000112 0.000112
58 1076 4 0.000222 0.000222
57 1056 5 0.000180 0.000180
57 1058 5 0.000016 0.000016
57 1060 5 0.000007 0.000007
57 1054 2 0.000002 0.000002
57 1040 2 0.000050 0.007289
57 1032 1 0.000091 0.000091
57 1037 7 0.000097 0.000097
57 1038 2 0.000016 0.000016
57 1025 5 0.000116 0.000116
57 1026 4 0.000208 0.000208
60 1120 21 0.000241 0.054477
60 1122 21 0.000029 0.000029
58 1106 5 0.000200 0.000200
58 1104 5 0.000008 0.000008
58 1110 5 0.000008 0.000008
58 1108 5 0.000016 0.000016
58 1090 5 0.000130 0.004583
58 1088 5 0.000054 0.000054
35 1190 44 0.001095 0.001095
35 1195 6 0.000257 0.000257
35 1192 6 0.000681 0.000681
35 1202 6 0.000718 0.008388
35 1205 6 0.000145 0.007206
35 1204 6 0.000040 0.000040
35 1211 6 0.000017 0.000017
35 1209 6 0.000120 0.000120
35 1163 38 0.000647 0.003707
35 1166 38 0.000418 0.001175
35 1164 2 0.000017 0.000127
35 1169 38 0.004887 0.004887
35 1173 38 0.007510 0.025844
35 1259 38 0.000122 0.000122
35 1257 38 0.000477 0.000477
35 1261 38 0.000073 0.000073
33 1278 5 0.002880 0.002880
35 1218 6 0.000071 0.000071
35 1223 38 0.000522 0.001312
35 1221 6 0.000011 0.000011
35 1220 6 0.000061 0.000061
35 1224 34 0.000705 0.000705
35 1230 4 0.000096 0.000096
35 1239 38 0.000220 0.000220
35 1236 38 0.004717 0.004717
33 1280 5 0.000215 0.000215
33 1283 5 0.000017 0.000017
33 1285 5 0.000012 0.000012
.
.
2 "" 18
487
491
493
495
496
497
499
503
504
505
507
511
512
513
515
519
520
522
.
12 "Characters" 2
58
60
.
12 "EndElement" 2
75
77
.
12 "StartElement" 2
94
96
.
21 "WidgetTypeEnum" 2
87
89
.
7 "FileHelper" 2
212
214
.
7 "GetFileList" 15
230
236
237
239
240
243
290
292
294
295
297
298
299
308
310
.
7 "OS-ERROR-TEXT" 24
320
322
323
324
325
326
327
328
329
330
331
332
333
334
335
336
337
338
339
340
341
343
345
347
.
7 "RelativeFileName" 3
359
364
366
.
25 "BufferAssert" 2
47
49
.
25 "HasField" 3
61
64
68
.
25 "IsAvailable" 4
77
79
80
83
.
25 "IsDatasetBuffer" 4
93
95
96
100
.
19 "HandleAssert" 2
47
49
.
19 "ValidHandle" 3
59
60
62
.
19 "ValidHandle" 3
73
74
76
.
19 "WidgetType" 4
86
88
89
91
.
10 "ClassDocumentationParser" 3
445
447
450
.
10 "ParseClassDocumentation" 13
463
465
466
467
471
472
474
476
478
479
480
481
483
.
10 "SaxCharacters" 3
497
498
500
.
10 "SaxEndElement" 9
513
515
519
523
526
529
532
534
536
.
10 "SaxStartElement" 48
551
552
554
555
556
557
561
562
563
564
565
571
574
575
576
577
578
579
584
585
586
587
588
593
594
595
596
597
602
603
604
605
606
609
610
611
612
613
618
619
620
621
622
627
628
631
632
634
.
10 "ClassDocumentationParser" 3
642
643
645
.
39 "Const" 2
86
88
.
1 "getParameter" 3
5
6
7
.
1 "returnValue" 5
23
24
25
26
27
.
1 "writeOutputParam" 5
31
32
33
34
35
.
1 "" 12
9
10
11
12
13
14
15
16
17
18
19
20
.
36 "DataTypeHelper" 2
172
174
.
36 "IsAblDataType" 4
184
185
187
189
.
36 "ToLogical" 6
199
200
202
203
205
207
.
16 "BufferHelper" 2
173
175
.
16 "HasField" 4
190
192
194
196
.
16 "ParseSaxAttributesToBuffer" 8
211
212
214
215
218
220
221
223
.
41 "ClassDocumentationHelper" 2
245
247
.
41 "GetFullTypeName" 31
265
267
268
270
272
274
275
279
282
283
284
286
287
288
292
294
295
298
300
301
302
304
305
306
308
310
311
313
314
317
319
.
41 "GetPurpose" 11
334
336
338
339
342
344
345
347
349
351
353
.
41 "GetShortModifier" 7
365
367
369
371
372
374
376
.
41 "RightTrim" 10
388
389
390
392
394
395
397
398
400
402
.
41 "SignatureParser" 6
420
425
426
428
430
432
.
41 "ShortSignatureParser" 17
452
457
458
460
466
468
473
475
477
478
480
482
484
486
490
492
494
.
41 "CommentParser" 26
513
516
518
520
531
534
535
537
538
540
542
543
545
546
548
549
554
555
556
557
563
564
565
567
569
571
.
48 "CharacterType" 2
46
48
.
48 "IsNotNullOrEmpty" 2
59
61
.
48 "IsNullOrEmpty" 2
72
74
.
5 "CreateDocumentList" 4
524
527
531
533
.
5 "GenerateDocumentation" 20
550
553
554
555
557
559
563
565
567
569
572
578
581
583
596
598
600
602
604
606
.
5 "GenerateDocumentHeader" 8
620
621
623
631
632
636
640
642
.
5 "GenerateIndexFile" 4
653
655
657
659
.
5 "GenerateMethodOverview" 11
674
675
679
681
686
687
689
703
705
707
709
.
5 "GenerateConstructorOverview" 11
724
725
729
731
736
737
739
753
755
757
759
.
5 "GenerateEventOverview" 11
774
775
779
781
786
787
789
803
805
807
809
.
5 "GeneratePropertyOverview" 11
824
825
829
831
836
837
839
853
855
857
860
.
5 "GenerateInterfaceOverview" 10
875
876
880
882
887
889
903
905
907
909
.
5 "GenerateMethodDetails" 11
925
926
930
932
937
938
940
954
956
958
960
.
5 "GenerateConstructorDetails" 11
975
976
980
982
987
988
990
1004
1006
1008
1010
.
5 "GenerateEventDetails" 11
1025
1026
1030
1032
1037
1038
1040
1054
1056
1058
1060
.
5 "GeneratePropertyDetails" 11
1075
1076
1080
1082
1087
1088
1090
1104
1106
1108
1110
.
5 "GetFullTypeName" 2
1120
1122
.
5 "ReplacePlaceholder" 40
1163
1164
1166
1167
1169
1173
1190
1192
1195
1202
1204
1205
1207
1209
1211
1213
1214
1216
1218
1220
1221
1223
1224
1228
1229
1230
1234
1236
1239
1241
1246
1248
1249
1250
1251
1253
1255
1257
1259
1261
.
5 "GenerateDocumentList" 4
1278
1280
1283
1285
.
.
.
