1 06/09/2013 "Default description" 22:01:18 "gquerret"
.
4 "returnValue C:\Users\gquerret\AppData\Local\Temp\pctinit26576.p" "" 0
3 "proc1 src/sample/test2.p" "" 0
2 "src/sample/test2.p" "" 42240
1 "C:\Users\gquerret\AppData\Local\Temp\pctinit26576.p" "" 5859
.
0 0 1 1
2 9 3 55
1 23 2 1
1 27 4 1
.
0 0 1 0.000000 0.058293
1 0 1 0.003555 0.058293
2 3 1 0.000108 0.000108
2 0 1 0.000306 0.031200
3 0 55 0.001459 0.029459
4 0 1 0.000022 0.000786
2 4 1 0.000007 0.000007
2 10 55 0.000084 0.000084
1 9 1 0.000040 0.000040
2 8 56 0.000784 0.000784
1 11 1 0.000288 0.000288
2 9 55 0.000448 0.029907
1 10 1 0.019633 0.019633
3 18 27 0.000265 0.000265
3 17 55 0.000261 0.000261
1 19 1 0.000170 0.000170
1 21 1 0.000004 0.000004
2 23 1 0.000004 0.000004
1 20 1 0.000162 0.000162
1 23 1 0.002424 0.033624
3 21 55 0.027474 0.027474
1 22 1 0.000002 0.000002
1 25 1 0.000005 0.000005
1 24 1 0.000006 0.000006
1 27 1 0.000009 0.000795
4 31 1 0.000034 0.000034
1 26 1 0.000004 0.000004
1 28 1 0.000005 0.000005
4 32 1 0.000581 0.000581
4 33 1 0.000018 0.000018
4 34 1 0.000128 0.000128
4 35 1 0.000003 0.000003
.
.
2 "proc1" 4
17
18
20
21
.
2 "" 8
3
4
5
6
8
9
10
23
.
1 "getParameter" 3
5
6
7
.
1 "returnValue" 5
31
32
33
34
35
.
1 "writeOutputParam" 5
39
40
41
42
43
.
1 "" 20
9
10
11
12
13
14
15
16
17
18
19
20
21
22
23
24
25
26
27
28
.
.
.
