1 03/18/2013 "Default description" 17:56:40 "gquerret"
.
2 "getParameter C:\Users\gquerret\AppData\Local\Temp\pct_init53017.p" "" 0
6 "pct/pctCRC.p" "" 57246
1 "C:\Users\gquerret\AppData\Local\Temp\pct_init53017.p" "" 63672
5 "getCRC pct/pctBgCompile.p" "" 0
4 "setOptions pct/pctBgCompile.p" "" 0
3 "pct/pctBgCompile.p" "" 63553
.
0 0 1 1
1 13 4 1
1 13 5 1
1 13 2 1
1 13 3 1
5 115 6 1
.
0 0 1 0.000000 0.005093
1 0 1 0.003543 0.005093
3 1 1 0.000003 0.000003
2 0 1 0.000027 0.000150
3 0 1 0.000113 0.000116
4 0 1 0.000014 0.000097
2 6 1 0.000008 0.000008
5 0 1 0.000015 0.000423
2 7 1 0.000003 0.000003
6 0 1 0.000135 0.000218
2 5 1 0.000112 0.000112
1 9 1 0.000204 0.000204
1 11 1 0.000010 0.000010
1 10 1 0.000005 0.000005
1 13 2 0.000542 0.001328
1 12 1 0.000003 0.000003
6 68 1 0.000034 0.000034
6 69 1 0.000019 0.000019
6 72 1 0.000007 0.000007
6 103 1 0.000010 0.000010
6 106 1 0.000003 0.000003
6 104 1 0.000003 0.000003
6 105 1 0.000007 0.000007
5 116 1 0.000005 0.000005
5 118 1 0.000001 0.000001
5 115 1 0.000133 0.000351
5 114 1 0.000051 0.000051
4 127 1 0.000077 0.000077
4 141 1 0.000004 0.000004
4 143 1 0.000002 0.000002
.
.
6 "" 28
68
69
72
76
77
78
79
80
81
83
84
85
86
87
88
93
95
96
97
98
99
100
101
102
103
104
105
106
.
1 "getParameter" 3
5
6
7
.
1 "" 5
9
10
11
12
13
.
3 "getCRC" 4
114
115
116
118
.
3 "setOptions" 3
127
141
143
.
3 "pctCompile" 13
183
185
186
187
189
201
207
208
209
211
212
214
217
.
3 "getRecompileLabel" 9
220
221
222
223
224
225
226
227
228
.
3 "pctCompile2" 60
261
262
263
264
266
267
268
269
270
271
272
274
275
276
277
278
280
281
282
283
285
286
287
288
289
293
294
295
296
297
299
300
301
302
303
304
305
307
308
309
310
311
312
313
314
315
316
317
318
319
320
321
322
323
324
325
326
328
329
331
.
3 "CheckIncludes" 19
338
339
340
342
343
344
345
346
347
349
350
351
352
353
354
355
356
357
359
.
3 "CheckCRC" 18
366
367
368
370
371
372
373
374
375
376
377
378
379
380
381
382
383
385
.
3 "getCompileErrors" 13
398
399
401
403
404
405
406
407
408
409
411
412
414
.
3 "importXref" 72
425
427
428
429
430
431
434
435
436
439
440
442
443
444
445
446
447
448
449
451
452
453
454
455
456
458
459
460
461
462
463
464
465
466
467
469
470
471
472
473
474
475
476
477
478
479
480
481
482
483
484
485
486
488
489
490
491
492
493
494
495
496
497
498
500
501
502
503
504
505
506
508
.
3 "getTimeStampDF" 2
511
512
.
3 "getTimeStampF" 3
515
516
517
.
3 "getDate" 3
520
521
522
.
3 "FileExists" 3
525
526
527
.
3 "createDir" 20
534
537
538
540
541
542
543
546
547
548
549
550
552
553
554
555
556
557
558
560
.
.
.
